// Jest Snapshot v1, https://goo.gl/fbAQLP

exports[`can render matches snapshot 1`] = `ShallowWrapper {}`;
